<html>
  <head>
    <script src="//ajax.googleapis.com/ajax/libs/jquery/2.1.3/jquery.min.js">
    </script>
    <link rel="stylesheet"
          href="//maxcdn.bootstrapcdn.com/bootstrap/3.3.4/css/bootstrap.min.css">
    <link rel="stylesheet"
          href="//maxcdn.bootstrapcdn.com/font-awesome/4.3.0/css/font-awesome.min.css">
    <script src="//maxcdn.bootstrapcdn.com/bootstrap/3.3.4/js/bootstrap.min.js">
    </script>
    <script src="//cdnjs.cloudflare.com/ajax/libs/underscore.js/1.8.3/underscore-min.js">
    </script>
    <script src="/js/ox.ajast.js"></script>
    <script src="/js/webtoolkit.md5.js"></script>
    <script src="/js/KalturaClientBase.js"></script>
    <script src="/js/KalturaTypes.js"></script>
    <script src="/js/KalturaVO.js"></script>
    <script src="/js/KalturaServices.js"></script>
    <script src="/js/KalturaClient.js"></script>
    <script src="/js/vendor/jquery.ui.widget.js"></script>
    <script src="/js/jquery.fileupload.js"></script>
    <script src="/js/jquery.fileupload-kaltura.js"></script>

    <script>
      var config = new KalturaConfiguration(1760921);
      config.serviceUrl = "http://www.kaltura.com/";
      var client = new KalturaClient(config);
      client.session.start(function(success, ks) {
        if (!success || (ks.code && ks.message)) {
          console.log('Error starting session', success, ks);
          $('#ErrorMessage').text(ks.message || 'Unknown Error').show();
        } else {
          client.setKs(ks);
        }
        // Note: this is meant only as a sample.
        // You should NEVER generate sessions on the client,
        // as this exposes your Admin Secret to users.
        // Instead, generate a session on the server and pass the
        // KS to the client.
      }, "8d6cb692ab0f41bfa6bde373204c4b40",
      "lucybot@example.com",
      KalturaSessionType.ADMIN,
      1760921)
    </script>
    <script type="text/javascript">
      var getTotalReport = function(request, callback) {
        reportInputFilter = new KalturaReportInputFilter();
        reportInputFilter.fromDay = "2015-07-01";
        reportInputFilter.toDay = "2015-07-10";

        var reportType = 5;
        var objectIds = null;

        var getResults = function() {
          if (!client.ks) return setTimeout(getResults, 100);
          client.report.getTotal(function(success, results) {
            if (!success || (results.code && results.message)) {
              console.log('Kaltura Error', success, results);
            } else {
              console.log('Kaltura Result', results);
              callback(results)
            }
          },
          reportType,
          reportInputFilter,
          objectIds);
        }
        getResults();
      };
    </script>
  </head>
  <body>
    <script id="KalturaReportTotal-template" type="text/x-underscore-template" style="display: none">
      <% if(5 == 1) { %>
        <h1>Report - Top Content</h1>
      <% } %>
      <% if(5 == 5) { %>
        <h1>Report - Top Contributors</h1>
      <% } %>
      <table class="table">
        <tr id="Header"><td><%= result.header %></td></tr>
        <tr id="Data"><td><%= result.data %></td></tr>
      </table>
      <script>
        var cur = $('#Header').html()
        $('#Header').html(cur.replace(/,/g, '</td><td>'));
        cur = $('#Data').html()
        $('#Data').html(cur.replace(/,/g, '</td><td>'));
      <% print("</"+"script>"); %>
    </script>
    <script type="text/javascript">
      var KalturaReportTotal = _.template($('#KalturaReportTotal-template').text());
    </script>

    <div id="ErrorMessage" class="alert alert-danger" style="display: none"></div>
    <div class="container" style="margin-top:40px">
    </div>
    <script type="text/javascript">
      getTotalReport({}, function(result) {
        $('.container').html(KalturaReportTotal({result: result}));
      })
    </script>
  </body>
</html>