<!DOCTYPE html>
<html>
<head>
  <title>Railstest</title>
  <link rel="stylesheet" media="all" href="/assets/application-5266d2988799ecc8fe6e81eaab412e7d.css?body=1" data-turbolinks-track="true" />
  <script src="/assets/jquery-87424c3c19e96d4fb033c10ebe21ec40.js?body=1" data-turbolinks-track="true"></script>
<script src="/assets/jquery_ujs-e27bd20a10d28155845a22d71ef94f2f.js?body=1" data-turbolinks-track="true"></script>
<script src="/assets/turbolinks-da8ddad9c2c5483d4c5c30c1ce325253.js?body=1" data-turbolinks-track="true"></script>
<script src="/assets/application-2260836f3eb52f693da43e83dda53bf1.js?body=1" data-turbolinks-track="true"></script>
  <meta name="csrf-param" content="authenticity_token" />
<meta name="csrf-token" content="5ORPIqVRB1MIbjPcuGNOplycQaz6aVk4gebn7r7AqJW0kEdaDUICuEzzNEdEmZTENMal33rIYD1DqPFTgVPqdQ==" />
</head>
<body>

<html>
  <head>
    <script src="https://ajax.googleapis.com/ajax/libs/jquery/2.1.3/jquery.min.js">
    </script>
    <link rel="stylesheet"
          href="//maxcdn.bootstrapcdn.com/bootstrap/3.3.4/css/bootstrap.min.css">
    <link rel="stylesheet"
          href="//maxcdn.bootstrapcdn.com/font-awesome/4.3.0/css/font-awesome.min.css">
    <script src="//maxcdn.bootstrapcdn.com/bootstrap/3.3.4/js/bootstrap.min.js">
    </script>
    
  </head>
  <body>
    <div class="container" style="margin-top:40px">
      <div class="CloneEventNotificationTemplate"></div>
      <script>
        var element = $('.CloneEventNotificationTemplate').last();
        element[0].loadData = function() {
          $('.CloneEventNotificationTemplate').last().load('listTemplatesEventNotificationTemplate', {});
        }
        element[0].loadData();
      </script>

    </div>
  </body>
</html>


</body>
</html>
