<html>
  <head>
    <script src="//ajax.googleapis.com/ajax/libs/jquery/2.1.3/jquery.min.js">
    </script>
    <link rel="stylesheet"
          href="//maxcdn.bootstrapcdn.com/bootstrap/3.3.4/css/bootstrap.min.css">
    <link rel="stylesheet"
          href="//maxcdn.bootstrapcdn.com/font-awesome/4.3.0/css/font-awesome.min.css">
    <script src="//maxcdn.bootstrapcdn.com/bootstrap/3.3.4/js/bootstrap.min.js">
    </script>
    <script src="//cdnjs.cloudflare.com/ajax/libs/underscore.js/1.8.3/underscore-min.js">
    </script>
    <script src="/js/ox.ajast.js"></script>
    <script src="/js/webtoolkit.md5.js"></script>
    <script src="/js/KalturaClientBase.js"></script>
    <script src="/js/KalturaTypes.js"></script>
    <script src="/js/KalturaVO.js"></script>
    <script src="/js/KalturaServices.js"></script>
    <script src="/js/KalturaClient.js"></script>
    <script src="/js/vendor/jquery.ui.widget.js"></script>
    <script src="/js/jquery.fileupload.js"></script>
    <script src="/js/jquery.fileupload-kaltura.js"></script>

    <script>
      var config = new KalturaConfiguration(1760921);
      config.serviceUrl = "http://www.kaltura.com/";
      var client = new KalturaClient(config);
      client.session.start(function(success, ks) {
        if (!success || (ks.code && ks.message)) {
          console.log('Error starting session', success, ks);
          $('#ErrorMessage').text(ks.message || 'Unknown Error').show();
        } else {
          client.setKs(ks);
        }
      }, "8d6cb692ab0f41bfa6bde373204c4b40",
      null,
      KalturaSessionType.ADMIN,
      1760921)
    </script>
    <script type="text/javascript">
      var listLiveStream = function(request, callback) {
        filter = new KalturaLiveStreamEntryFilter();
        pager = new KalturaFilterPager();

        var getResults = function() {
          if (!client.ks) return setTimeout(getResults, 100);
          client.liveStream.listAction(function(success, results) {
            if (!success || (results.code && results.message)) {
              console.log('Kaltura Error', success, results);
            } else {
              console.log('Kaltura Result', results);
              callback(results.objects)
            }
          },
          filter,
          pager);
        }
        getResults();
      };
    </script>
  </head>
  <body>
    <script id="AddLiveStream-template" type="text/x-underscore-template" style="display: none">
      <a class="btn btn-success">Add new stream</a>
    </script>
    <script type="text/javascript">
      var AddLiveStream = _.template($('#AddLiveStream-template').text());
    </script>

    <script id="KalturaLiveStreamListResponse-template" type="text/x-underscore-template" style="display: none">
      <h1>My Streams</h1>
      <hr></hr>
      <% result.forEach(function(stream, index) { %>
        <h3><%= stream.streamName %></h3>
        <p>Stream URL: <a href="<%= stream.streamUrl %>" target="_blank"><%= stream.streamUrl %></a></p>
      <% }); %>
      <%
          print(AddLiveStream({result: result}));
      %>
    </script>
    <script type="text/javascript">
      var KalturaLiveStreamListResponse = _.template($('#KalturaLiveStreamListResponse-template').text());
    </script>

    <div id="ErrorMessage" class="alert alert-danger" style="display: none"></div>
    <div class="container" style="margin-top:40px">
    </div>
    <script type="text/javascript">
      listLiveStream({}, function(result) {
        $('.container').html(KalturaLiveStreamListResponse({result: result}));
      })
    </script>
  </body>
</html>